<?xml version="1.0" encoding="utf-8"?><testsuites name="pytest tests"><testsuite name="pytest" errors="0" failures="0" skipped="0" tests="4" time="12.965" timestamp="2026-05-19T21:36:44.817040-03:00" hostname="soko-Yoga-9-2-in-1-14IMH9"><testcase classname="tests.model.test_model.TestModel" name="test_model_fit" time="3.843" /><testcase classname="tests.model.test_model.TestModel" name="test_model_predict" time="3.800" /><testcase classname="tests.model.test_model.TestModel" name="test_model_preprocess_for_serving" time="0.103" /><testcase classname="tests.model.test_model.TestModel" name="test_model_preprocess_for_training" time="3.757" /></testsuite></testsuites>